// Jest Snapshot v1, https://goo.gl/fbAQLP

exports[`Slot reveive style & className 1`] = `
.emotion-0 {
  width: 100vw;
  height: 100vh;
}

<div
  class="emotion-0"
>
  <div>
    Slot Container 
    <div
      class="slot"
      style="display: inline;"
    >
      Styled
    </div>
  </div>
</div>
`;
